// Jest Snapshot v1, https://goo.gl/fbAQLP

exports[`ChartIndividualEmployeeProgress Component does not crash if there are no users 1`] = `
<div>
  <div
    class="flex-1 mr-4 bg-white border border-customBorder"
  >
    <div
      data-testid="employee-progress-chart"
    />
  </div>
</div>
`;

exports[`ChartIndividualEmployeeProgress Component renders the chart component 1`] = `
<div>
  <div
    class="flex-1 mr-4 bg-white border border-customBorder"
  >
    <div
      data-testid="employee-progress-chart"
    />
  </div>
</div>
`;
